agg_output|bare|22|0
agg_output|concurrently|22|0
distincton|bare|1|0
distincton|concurrently|1|0
distincton_total|bare|0|0
distincton_total|concurrently|0|0
drift_out|bare|48|0
drift_out|concurrently|48|0
except_key|bare|0|0
except_key|concurrently|0|0
groupby|bare|0|0
groupby|concurrently|0|0
having|bare|0|0
having|concurrently|0|0
join_group|bare|0|0
join_group|concurrently|0|0
nullable_composite|bare|0|0
nullable_composite|concurrently|0|0
nullable_key|bare|0|0
nullable_key|concurrently|0|0
nullable_key_nd|bare|0|0
nullable_key_nd|concurrently|0|0
pred_on_key|bare|0|0
pred_on_key|concurrently|0|0
proj_nonkey|bare|48|0
proj_nonkey|concurrently|48|0
proj_nonkey_new|bare|0|0
proj_nonkey_new|concurrently|0|0
proj_nonkey_union|bare|0|0
proj_nonkey_union|concurrently|0|0
selfjoin_parent|bare|12|0
selfjoin_parent|concurrently|12|0
share_of_total|bare|35|0
share_of_total|concurrently|35|0
text_key|bare|0|0
text_key|concurrently|0|0
topn|bare|16|0
topn|concurrently|16|0
two_ukeys|bare|0|0
two_ukeys|concurrently|0|0
win_part|bare|0|0
win_part|concurrently|0|0
win_part_and|bare|20|0
win_part_and|concurrently|20|0
win_rowkey|bare|25|0
win_rowkey|concurrently|25|0
